-- rFunc-rename --
renaming "sFunc" to "rFunc" not possible because "github.com/charlievieth/xtools/lsp/rename/bad" has errors
